Archive member included to satisfy reference by file (symbol)

c:/dev/compilers/avr-gcc/bin/../lib/gcc/avr/10.1.0/avrxmega3\libgcc.a(_divmodhi4.o)
                              util.o (__divmodhi4)
c:/dev/compilers/avr-gcc/bin/../lib/gcc/avr/10.1.0/avrxmega3\libgcc.a(_exit.o)
                              c:/dev/compilers/avr-gcc/bin/../lib/gcc/avr/10.1.0/../../../../avr/lib/avrxmega3/crtattiny1614.o (exit)
c:/dev/compilers/avr-gcc/bin/../lib/gcc/avr/10.1.0/avrxmega3\libgcc.a(_copy_data.o)
                              main.o (__do_copy_data)
c:/dev/compilers/avr-gcc/bin/../lib/gcc/avr/10.1.0/avrxmega3\libgcc.a(_clear_bss.o)
                              main.o (__do_clear_bss)
c:/dev/compilers/avr-gcc/bin/../lib/gcc/avr/10.1.0/avrxmega3\libgcc.a(_udivmodhi4.o)
                              c:/dev/compilers/avr-gcc/bin/../lib/gcc/avr/10.1.0/avrxmega3\libgcc.a(_divmodhi4.o) (__udivmodhi4)
c:/dev/compilers/avr-gcc/bin/../lib/gcc/avr/10.1.0/../../../../avr/lib/avrxmega3\libm.a(addsf3.o)
                              i2c.o (__subsf3)
c:/dev/compilers/avr-gcc/bin/../lib/gcc/avr/10.1.0/../../../../avr/lib/avrxmega3\libm.a(addsf3x.o)
                              c:/dev/compilers/avr-gcc/bin/../lib/gcc/avr/10.1.0/../../../../avr/lib/avrxmega3\libm.a(addsf3.o) (__addsf3x)
c:/dev/compilers/avr-gcc/bin/../lib/gcc/avr/10.1.0/../../../../avr/lib/avrxmega3\libm.a(divsf3.o)
                              i2c.o (__divsf3)
c:/dev/compilers/avr-gcc/bin/../lib/gcc/avr/10.1.0/../../../../avr/lib/avrxmega3\libm.a(divsf3x.o)
                              c:/dev/compilers/avr-gcc/bin/../lib/gcc/avr/10.1.0/../../../../avr/lib/avrxmega3\libm.a(divsf3.o) (__divsf3x)
c:/dev/compilers/avr-gcc/bin/../lib/gcc/avr/10.1.0/../../../../avr/lib/avrxmega3\libm.a(fixunssfsi.o)
                              i2c.o (__fixunssfsi)
c:/dev/compilers/avr-gcc/bin/../lib/gcc/avr/10.1.0/../../../../avr/lib/avrxmega3\libm.a(floatsisf.o)
                              i2c.o (__floatunsisf)
c:/dev/compilers/avr-gcc/bin/../lib/gcc/avr/10.1.0/../../../../avr/lib/avrxmega3\libm.a(fp_inf.o)
                              c:/dev/compilers/avr-gcc/bin/../lib/gcc/avr/10.1.0/../../../../avr/lib/avrxmega3\libm.a(addsf3x.o) (__fp_inf)
c:/dev/compilers/avr-gcc/bin/../lib/gcc/avr/10.1.0/../../../../avr/lib/avrxmega3\libm.a(fp_nan.o)
                              c:/dev/compilers/avr-gcc/bin/../lib/gcc/avr/10.1.0/../../../../avr/lib/avrxmega3\libm.a(addsf3x.o) (__fp_nan)
c:/dev/compilers/avr-gcc/bin/../lib/gcc/avr/10.1.0/../../../../avr/lib/avrxmega3\libm.a(fp_pscA.o)
                              c:/dev/compilers/avr-gcc/bin/../lib/gcc/avr/10.1.0/../../../../avr/lib/avrxmega3\libm.a(addsf3x.o) (__fp_pscA)
c:/dev/compilers/avr-gcc/bin/../lib/gcc/avr/10.1.0/../../../../avr/lib/avrxmega3\libm.a(fp_pscB.o)
                              c:/dev/compilers/avr-gcc/bin/../lib/gcc/avr/10.1.0/../../../../avr/lib/avrxmega3\libm.a(addsf3x.o) (__fp_pscB)
c:/dev/compilers/avr-gcc/bin/../lib/gcc/avr/10.1.0/../../../../avr/lib/avrxmega3\libm.a(fp_round.o)
                              c:/dev/compilers/avr-gcc/bin/../lib/gcc/avr/10.1.0/../../../../avr/lib/avrxmega3\libm.a(addsf3.o) (__fp_round)
c:/dev/compilers/avr-gcc/bin/../lib/gcc/avr/10.1.0/../../../../avr/lib/avrxmega3\libm.a(fp_split3.o)
                              c:/dev/compilers/avr-gcc/bin/../lib/gcc/avr/10.1.0/../../../../avr/lib/avrxmega3\libm.a(addsf3x.o) (__fp_split3)
c:/dev/compilers/avr-gcc/bin/../lib/gcc/avr/10.1.0/../../../../avr/lib/avrxmega3\libm.a(fp_zero.o)
                              c:/dev/compilers/avr-gcc/bin/../lib/gcc/avr/10.1.0/../../../../avr/lib/avrxmega3\libm.a(addsf3x.o) (__fp_zero)
c:/dev/compilers/avr-gcc/bin/../lib/gcc/avr/10.1.0/../../../../avr/lib/avrxmega3\libm.a(mulsf3.o)
                              i2c.o (__mulsf3)
c:/dev/compilers/avr-gcc/bin/../lib/gcc/avr/10.1.0/../../../../avr/lib/avrxmega3\libm.a(mulsf3x.o)
                              c:/dev/compilers/avr-gcc/bin/../lib/gcc/avr/10.1.0/../../../../avr/lib/avrxmega3\libm.a(mulsf3.o) (__mulsf3x)
c:/dev/compilers/avr-gcc/bin/../lib/gcc/avr/10.1.0/../../../../avr/lib/avrxmega3\libc.a(strcasecmp_P.o)
                              cmd.o (strcasecmp_P)
c:/dev/compilers/avr-gcc/bin/../lib/gcc/avr/10.1.0/../../../../avr/lib/avrxmega3\libc.a(strtok.o)
                              cmd.o (strtok)
c:/dev/compilers/avr-gcc/bin/../lib/gcc/avr/10.1.0/../../../../avr/lib/avrxmega3\libc.a(strcasecmp.o)
                              cmd.o (strcasecmp)
c:/dev/compilers/avr-gcc/bin/../lib/gcc/avr/10.1.0/../../../../avr/lib/avrxmega3\libc.a(strcpy.o)
                              cmd.o (strcpy)
c:/dev/compilers/avr-gcc/bin/../lib/gcc/avr/10.1.0/../../../../avr/lib/avrxmega3\libc.a(strtok_r.o)
                              c:/dev/compilers/avr-gcc/bin/../lib/gcc/avr/10.1.0/../../../../avr/lib/avrxmega3\libc.a(strtok.o) (strtok_r)
c:/dev/compilers/avr-gcc/bin/../lib/gcc/avr/10.1.0/../../../../avr/lib/avrxmega3\libc.a(iob.o)
                              main.o (__iob)
c:/dev/compilers/avr-gcc/bin/../lib/gcc/avr/10.1.0/../../../../avr/lib/avrxmega3\libc.a(printf_p.o)
                              main.o (printf_P)
c:/dev/compilers/avr-gcc/bin/../lib/gcc/avr/10.1.0/../../../../avr/lib/avrxmega3\libc.a(sprintf_p.o)
                              util.o (sprintf_P)
c:/dev/compilers/avr-gcc/bin/../lib/gcc/avr/10.1.0/../../../../avr/lib/avrxmega3\libc.a(vfprintf_std.o)
                              c:/dev/compilers/avr-gcc/bin/../lib/gcc/avr/10.1.0/../../../../avr/lib/avrxmega3\libc.a(printf_p.o) (vfprintf)
c:/dev/compilers/avr-gcc/bin/../lib/gcc/avr/10.1.0/../../../../avr/lib/avrxmega3\libc.a(strnlen_P.o)
                              c:/dev/compilers/avr-gcc/bin/../lib/gcc/avr/10.1.0/../../../../avr/lib/avrxmega3\libc.a(vfprintf_std.o) (strnlen_P)
c:/dev/compilers/avr-gcc/bin/../lib/gcc/avr/10.1.0/../../../../avr/lib/avrxmega3\libc.a(strnlen.o)
                              c:/dev/compilers/avr-gcc/bin/../lib/gcc/avr/10.1.0/../../../../avr/lib/avrxmega3\libc.a(vfprintf_std.o) (strnlen)
c:/dev/compilers/avr-gcc/bin/../lib/gcc/avr/10.1.0/../../../../avr/lib/avrxmega3\libc.a(fputc.o)
                              c:/dev/compilers/avr-gcc/bin/../lib/gcc/avr/10.1.0/../../../../avr/lib/avrxmega3\libc.a(vfprintf_std.o) (fputc)
c:/dev/compilers/avr-gcc/bin/../lib/gcc/avr/10.1.0/../../../../avr/lib/avrxmega3\libc.a(ultoa_invert.o)
                              c:/dev/compilers/avr-gcc/bin/../lib/gcc/avr/10.1.0/../../../../avr/lib/avrxmega3\libc.a(vfprintf_std.o) (__ultoa_invert)
c:/dev/compilers/avr-gcc/bin/../lib/gcc/avr/10.1.0/../../../../avr/lib/avrxmega3\libattiny1614.a(eerd_block.o)
                              util.o (eeprom_read_block)
c:/dev/compilers/avr-gcc/bin/../lib/gcc/avr/10.1.0/../../../../avr/lib/avrxmega3\libattiny1614.a(eeupd_block.o)
                              util.o (eeprom_update_block)
c:/dev/compilers/avr-gcc/bin/../lib/gcc/avr/10.1.0/../../../../avr/lib/avrxmega3\libattiny1614.a(eeupd_byte.o)
                              c:/dev/compilers/avr-gcc/bin/../lib/gcc/avr/10.1.0/../../../../avr/lib/avrxmega3\libattiny1614.a(eeupd_block.o) (eeprom_update_r18)
c:/dev/compilers/avr-gcc/bin/../lib/gcc/avr/10.1.0/../../../../avr/lib/avrxmega3\libattiny1614.a(eewr_byte.o)
                              c:/dev/compilers/avr-gcc/bin/../lib/gcc/avr/10.1.0/../../../../avr/lib/avrxmega3\libattiny1614.a(eeupd_byte.o) (eeprom_write_r18)
c:/dev/compilers/avr-gcc/bin/../lib/gcc/avr/10.1.0/../../../../avr/lib/avrxmega3\libattiny1614.a(eerd_byte.o)
                              c:/dev/compilers/avr-gcc/bin/../lib/gcc/avr/10.1.0/../../../../avr/lib/avrxmega3\libattiny1614.a(eeupd_byte.o) (eeprom_mapen)
c:/dev/compilers/avr-gcc/bin/../lib/gcc/avr/10.1.0/avrxmega3\libgcc.a(_prologue.o)
                              c:/dev/compilers/avr-gcc/bin/../lib/gcc/avr/10.1.0/../../../../avr/lib/avrxmega3\libc.a(printf_p.o) (__prologue_saves__)
c:/dev/compilers/avr-gcc/bin/../lib/gcc/avr/10.1.0/avrxmega3\libgcc.a(_epilogue.o)
                              c:/dev/compilers/avr-gcc/bin/../lib/gcc/avr/10.1.0/../../../../avr/lib/avrxmega3\libc.a(printf_p.o) (__epilogue_restores__)
c:/dev/compilers/avr-gcc/bin/../lib/gcc/avr/10.1.0/../../../../avr/lib/avrxmega3\libc.a(memcpy.o)
                              c:/dev/compilers/avr-gcc/bin/../lib/gcc/avr/10.1.0/../../../../avr/lib/avrxmega3\libattiny1614.a(eerd_block.o) (memcpy)

Memory Configuration

Name             Origin             Length             Attributes
text             0x0000000000000000 0x0000000000100000 xr
data             0x0000000000802000 0x000000000000ffa0 rw !x
eeprom           0x0000000000810000 0x0000000000010000 rw !x
fuse             0x0000000000820000 0x0000000000000009 rw !x
lock             0x0000000000830000 0x0000000000000400 rw !x
signature        0x0000000000840000 0x0000000000000400 rw !x
user_signatures  0x0000000000850000 0x0000000000000400 rw !x
*default*        0x0000000000000000 0xffffffffffffffff

Linker script and memory map

Address of section .data set to 0x803800
LOAD c:/dev/compilers/avr-gcc/bin/../lib/gcc/avr/10.1.0/../../../../avr/lib/avrxmega3/crtattiny1614.o
LOAD main.o
LOAD cmd.o
LOAD config.o
LOAD util.o
LOAD usart_buffered.o
LOAD i2c.o
LOAD timer.o
Address of section .text set to 0x200
START GROUP
LOAD c:/dev/compilers/avr-gcc/bin/../lib/gcc/avr/10.1.0/avrxmega3\libgcc.a
LOAD c:/dev/compilers/avr-gcc/bin/../lib/gcc/avr/10.1.0/../../../../avr/lib/avrxmega3\libm.a
LOAD c:/dev/compilers/avr-gcc/bin/../lib/gcc/avr/10.1.0/../../../../avr/lib/avrxmega3\libc.a
LOAD c:/dev/compilers/avr-gcc/bin/../lib/gcc/avr/10.1.0/../../../../avr/lib/avrxmega3\libattiny1614.a
END GROUP
                0x0000000000100000                __TEXT_REGION_LENGTH__ = DEFINED (__TEXT_REGION_LENGTH__)?__TEXT_REGION_LENGTH__:0x100000
                0x000000000000ffa0                __DATA_REGION_LENGTH__ = DEFINED (__DATA_REGION_LENGTH__)?__DATA_REGION_LENGTH__:0xffa0
                0x0000000000010000                __EEPROM_REGION_LENGTH__ = DEFINED (__EEPROM_REGION_LENGTH__)?__EEPROM_REGION_LENGTH__:0x10000
                [0x0000000000000009]                __FUSE_REGION_LENGTH__ = DEFINED (__FUSE_REGION_LENGTH__)?__FUSE_REGION_LENGTH__:0x400
                0x0000000000000400                __LOCK_REGION_LENGTH__ = DEFINED (__LOCK_REGION_LENGTH__)?__LOCK_REGION_LENGTH__:0x400
                0x0000000000000400                __SIGNATURE_REGION_LENGTH__ = DEFINED (__SIGNATURE_REGION_LENGTH__)?__SIGNATURE_REGION_LENGTH__:0x400
                0x0000000000000400                __USER_SIGNATURE_REGION_LENGTH__ = DEFINED (__USER_SIGNATURE_REGION_LENGTH__)?__USER_SIGNATURE_REGION_LENGTH__:0x400
                0x0000000000008000                __RODATA_PM_OFFSET__ = DEFINED (__RODATA_PM_OFFSET__)?__RODATA_PM_OFFSET__:0x8000

.hash
 *(.hash)

.dynsym
 *(.dynsym)

.dynstr
 *(.dynstr)

.gnu.version
 *(.gnu.version)

.gnu.version_d
 *(.gnu.version_d)

.gnu.version_r
 *(.gnu.version_r)

.rel.init
 *(.rel.init)

.rela.init
 *(.rela.init)

.rel.text
 *(.rel.text)
 *(.rel.text.*)
 *(.rel.gnu.linkonce.t*)

.rela.text
 *(.rela.text)
 *(.rela.text.*)
 *(.rela.gnu.linkonce.t*)

.rel.fini
 *(.rel.fini)

.rela.fini
 *(.rela.fini)

.rel.rodata
 *(.rel.rodata)
 *(.rel.rodata.*)
 *(.rel.gnu.linkonce.r*)

.rela.rodata
 *(.rela.rodata)
 *(.rela.rodata.*)
 *(.rela.gnu.linkonce.r*)

.rel.data
 *(.rel.data)
 *(.rel.data.*)
 *(.rel.gnu.linkonce.d*)

.rela.data
 *(.rela.data)
 *(.rela.data.*)
 *(.rela.gnu.linkonce.d*)

.rel.ctors
 *(.rel.ctors)

.rela.ctors
 *(.rela.ctors)

.rel.dtors
 *(.rel.dtors)

.rela.dtors
 *(.rela.dtors)

.rel.got
 *(.rel.got)

.rela.got
 *(.rela.got)

.rel.bss
 *(.rel.bss)

.rela.bss
 *(.rela.bss)

.rel.plt
 *(.rel.plt)

.rela.plt
 *(.rela.plt)

.text           0x0000000000000200     0x1ae4
 *(.vectors)
 .vectors       0x0000000000000200       0x7c c:/dev/compilers/avr-gcc/bin/../lib/gcc/avr/10.1.0/../../../../avr/lib/avrxmega3/crtattiny1614.o
                0x0000000000000200                __vector_default
                0x0000000000000200                __vectors
 *(.vectors)
 *(.progmem.gcc*)
                0x000000000000027c                . = ALIGN (0x2)
                0x000000000000027c                __trampolines_start = .
 *(.trampolines)
 .trampolines   0x000000000000027c        0x0 linker stubs
 *(.trampolines*)
                0x000000000000027c                __trampolines_end = .
 *libprintf_flt.a:*(.progmem.data)
 *libc.a:*(.progmem.data)
 *(.progmem.*)
 .progmem.data  0x000000000000027c       0x13 main.o
 .progmem.data  0x000000000000028f      0x1ba cmd.o
 .progmem.data  0x0000000000000449       0x12 util.o
                0x000000000000045c                . = ALIGN (0x2)
 *fill*         0x000000000000045b        0x1 
 *(.lowtext)
 *(.lowtext*)
                0x000000000000045c                __ctors_start = .
 *(.ctors)
                0x000000000000045c                __ctors_end = .
                0x000000000000045c                __dtors_start = .
 *(.dtors)
                0x000000000000045c                __dtors_end = .
 SORT_BY_NAME(*)(.ctors)
 SORT_BY_NAME(*)(.dtors)
 *(.init0)
 .init0         0x000000000000045c        0x0 c:/dev/compilers/avr-gcc/bin/../lib/gcc/avr/10.1.0/../../../../avr/lib/avrxmega3/crtattiny1614.o
                0x000000000000045c                __init
 *(.init0)
 *(.init1)
 *(.init1)
 *(.init2)
 .init2         0x000000000000045c        0xc c:/dev/compilers/avr-gcc/bin/../lib/gcc/avr/10.1.0/../../../../avr/lib/avrxmega3/crtattiny1614.o
 *(.init2)
 *(.init3)
 *(.init3)
 *(.init4)
 .init4         0x0000000000000468       0x16 c:/dev/compilers/avr-gcc/bin/../lib/gcc/avr/10.1.0/avrxmega3\libgcc.a(_copy_data.o)
                0x0000000000000468                __do_copy_data
 .init4         0x000000000000047e       0x10 c:/dev/compilers/avr-gcc/bin/../lib/gcc/avr/10.1.0/avrxmega3\libgcc.a(_clear_bss.o)
                0x000000000000047e                __do_clear_bss
 *(.init4)
 *(.init5)
 *(.init5)
 *(.init6)
 *(.init6)
 *(.init7)
 *(.init7)
 *(.init8)
 *(.init8)
 *(.init9)
 .init9         0x000000000000048e        0x8 c:/dev/compilers/avr-gcc/bin/../lib/gcc/avr/10.1.0/../../../../avr/lib/avrxmega3/crtattiny1614.o
 *(.init9)
 *(.text)
 .text          0x0000000000000496        0x4 c:/dev/compilers/avr-gcc/bin/../lib/gcc/avr/10.1.0/../../../../avr/lib/avrxmega3/crtattiny1614.o
                0x0000000000000496                __vector_22
                0x0000000000000496                __vector_1
                0x0000000000000496                __vector_24
                0x0000000000000496                __vector_12
                0x0000000000000496                __bad_interrupt
                0x0000000000000496                __vector_6
                0x0000000000000496                __vector_3
                0x0000000000000496                __vector_23
                0x0000000000000496                __vector_30
                0x0000000000000496                __vector_25
                0x0000000000000496                __vector_11
                0x0000000000000496                __vector_17
                0x0000000000000496                __vector_19
                0x0000000000000496                __vector_7
                0x0000000000000496                __vector_5
                0x0000000000000496                __vector_4
                0x0000000000000496                __vector_9
                0x0000000000000496                __vector_2
                0x0000000000000496                __vector_21
                0x0000000000000496                __vector_15
                0x0000000000000496                __vector_29
                0x0000000000000496                __vector_8
                0x0000000000000496                __vector_26
                0x0000000000000496                __vector_14
                0x0000000000000496                __vector_10
                0x0000000000000496                __vector_16
                0x0000000000000496                __vector_18
                0x0000000000000496                __vector_20
 .text          0x000000000000049a       0x1a main.o
                0x000000000000049a                print_char
 .text          0x00000000000004b4      0x5c8 cmd.o
                0x00000000000004e2                command_prompt_handler
                0x00000000000005de                cmd_init
                0x000000000000061e                cmd_process_state
                0x000000000000083e                cmd_process_char
                0x0000000000000a56                cmd_process
 .text          0x0000000000000a7c       0x48 config.o
                0x0000000000000a7c                default_configuration
                0x0000000000000a88                save_configuration
                0x0000000000000a92                load_configuration
 .text          0x0000000000000ac4      0x112 util.o
                0x0000000000000ac4                reset
                0x0000000000000ad0                putch
                0x0000000000000ae4                wdt_getch
                0x0000000000000af2                format_fixedpoint
                0x0000000000000bba                eeprom_write_data
                0x0000000000000bc8                eeprom_read_data
 .text          0x0000000000000bd6      0x18c usart_buffered.o
                0x0000000000000bd6                __vector_27
                0x0000000000000c22                __vector_28
                0x0000000000000c6c                usart0_open
                0x0000000000000cd8                usart0_data_ready
                0x0000000000000cea                usart0_get
                0x0000000000000d10                usart0_put
                0x0000000000000d3a                usart0_busy
                0x0000000000000d5c                usart0_get_last_rx_error
 .text          0x0000000000000d62      0x302 i2c.o
                0x0000000000000dc0                i2c_init
                0x0000000000000ebc                i2c_wait_ack
                0x0000000000000f22                i2c_read
                0x0000000000001004                i2c_write
 .text          0x0000000000001064       0x5e timer.o
                0x0000000000001064                timer_tcb0_init
                0x000000000000107a                __vector_13
 .text          0x00000000000010c2        0x0 c:/dev/compilers/avr-gcc/bin/../lib/gcc/avr/10.1.0/avrxmega3\libgcc.a(_divmodhi4.o)
 .text          0x00000000000010c2        0x0 c:/dev/compilers/avr-gcc/bin/../lib/gcc/avr/10.1.0/avrxmega3\libgcc.a(_exit.o)
 .text          0x00000000000010c2        0x0 c:/dev/compilers/avr-gcc/bin/../lib/gcc/avr/10.1.0/avrxmega3\libgcc.a(_copy_data.o)
 .text          0x00000000000010c2        0x0 c:/dev/compilers/avr-gcc/bin/../lib/gcc/avr/10.1.0/avrxmega3\libgcc.a(_clear_bss.o)
 .text          0x00000000000010c2        0x0 c:/dev/compilers/avr-gcc/bin/../lib/gcc/avr/10.1.0/avrxmega3\libgcc.a(_udivmodhi4.o)
 .text          0x00000000000010c2        0x0 c:/dev/compilers/avr-gcc/bin/../lib/gcc/avr/10.1.0/../../../../avr/lib/avrxmega3\libm.a(addsf3.o)
 .text          0x00000000000010c2        0x0 c:/dev/compilers/avr-gcc/bin/../lib/gcc/avr/10.1.0/../../../../avr/lib/avrxmega3\libm.a(addsf3x.o)
 .text          0x00000000000010c2        0x0 c:/dev/compilers/avr-gcc/bin/../lib/gcc/avr/10.1.0/../../../../avr/lib/avrxmega3\libm.a(divsf3.o)
 .text          0x00000000000010c2        0x0 c:/dev/compilers/avr-gcc/bin/../lib/gcc/avr/10.1.0/../../../../avr/lib/avrxmega3\libm.a(divsf3x.o)
 .text          0x00000000000010c2        0x0 c:/dev/compilers/avr-gcc/bin/../lib/gcc/avr/10.1.0/../../../../avr/lib/avrxmega3\libm.a(fixunssfsi.o)
 .text          0x00000000000010c2        0x0 c:/dev/compilers/avr-gcc/bin/../lib/gcc/avr/10.1.0/../../../../avr/lib/avrxmega3\libm.a(floatsisf.o)
 .text          0x00000000000010c2        0x0 c:/dev/compilers/avr-gcc/bin/../lib/gcc/avr/10.1.0/../../../../avr/lib/avrxmega3\libm.a(fp_inf.o)
 .text          0x00000000000010c2        0x0 c:/dev/compilers/avr-gcc/bin/../lib/gcc/avr/10.1.0/../../../../avr/lib/avrxmega3\libm.a(fp_nan.o)
 .text          0x00000000000010c2        0x0 c:/dev/compilers/avr-gcc/bin/../lib/gcc/avr/10.1.0/../../../../avr/lib/avrxmega3\libm.a(fp_pscA.o)
 .text          0x00000000000010c2        0x0 c:/dev/compilers/avr-gcc/bin/../lib/gcc/avr/10.1.0/../../../../avr/lib/avrxmega3\libm.a(fp_pscB.o)
 .text          0x00000000000010c2        0x0 c:/dev/compilers/avr-gcc/bin/../lib/gcc/avr/10.1.0/../../../../avr/lib/avrxmega3\libm.a(fp_round.o)
 .text          0x00000000000010c2        0x0 c:/dev/compilers/avr-gcc/bin/../lib/gcc/avr/10.1.0/../../../../avr/lib/avrxmega3\libm.a(fp_split3.o)
 .text          0x00000000000010c2        0x0 c:/dev/compilers/avr-gcc/bin/../lib/gcc/avr/10.1.0/../../../../avr/lib/avrxmega3\libm.a(fp_zero.o)
 .text          0x00000000000010c2        0x0 c:/dev/compilers/avr-gcc/bin/../lib/gcc/avr/10.1.0/../../../../avr/lib/avrxmega3\libm.a(mulsf3.o)
 .text          0x00000000000010c2        0x0 c:/dev/compilers/avr-gcc/bin/../lib/gcc/avr/10.1.0/../../../../avr/lib/avrxmega3\libm.a(mulsf3x.o)
 .text          0x00000000000010c2        0x0 c:/dev/compilers/avr-gcc/bin/../lib/gcc/avr/10.1.0/../../../../avr/lib/avrxmega3\libc.a(strcasecmp_P.o)
 .text          0x00000000000010c2        0x0 c:/dev/compilers/avr-gcc/bin/../lib/gcc/avr/10.1.0/../../../../avr/lib/avrxmega3\libc.a(strtok.o)
 .text          0x00000000000010c2        0x0 c:/dev/compilers/avr-gcc/bin/../lib/gcc/avr/10.1.0/../../../../avr/lib/avrxmega3\libc.a(strcasecmp.o)
 .text          0x00000000000010c2        0x0 c:/dev/compilers/avr-gcc/bin/../lib/gcc/avr/10.1.0/../../../../avr/lib/avrxmega3\libc.a(strcpy.o)
 .text          0x00000000000010c2        0x0 c:/dev/compilers/avr-gcc/bin/../lib/gcc/avr/10.1.0/../../../../avr/lib/avrxmega3\libc.a(strtok_r.o)
 .text          0x00000000000010c2        0x0 c:/dev/compilers/avr-gcc/bin/../lib/gcc/avr/10.1.0/../../../../avr/lib/avrxmega3\libc.a(iob.o)
 .text          0x00000000000010c2        0x0 c:/dev/compilers/avr-gcc/bin/../lib/gcc/avr/10.1.0/../../../../avr/lib/avrxmega3\libc.a(printf_p.o)
 .text          0x00000000000010c2        0x0 c:/dev/compilers/avr-gcc/bin/../lib/gcc/avr/10.1.0/../../../../avr/lib/avrxmega3\libc.a(sprintf_p.o)
 .text          0x00000000000010c2        0x0 c:/dev/compilers/avr-gcc/bin/../lib/gcc/avr/10.1.0/../../../../avr/lib/avrxmega3\libc.a(vfprintf_std.o)
 .text          0x00000000000010c2        0x0 c:/dev/compilers/avr-gcc/bin/../lib/gcc/avr/10.1.0/../../../../avr/lib/avrxmega3\libc.a(strnlen_P.o)
 .text          0x00000000000010c2        0x0 c:/dev/compilers/avr-gcc/bin/../lib/gcc/avr/10.1.0/../../../../avr/lib/avrxmega3\libc.a(strnlen.o)
 .text          0x00000000000010c2        0x0 c:/dev/compilers/avr-gcc/bin/../lib/gcc/avr/10.1.0/../../../../avr/lib/avrxmega3\libc.a(fputc.o)
 .text          0x00000000000010c2        0x0 c:/dev/compilers/avr-gcc/bin/../lib/gcc/avr/10.1.0/../../../../avr/lib/avrxmega3\libc.a(ultoa_invert.o)
 .text          0x00000000000010c2        0x0 c:/dev/compilers/avr-gcc/bin/../lib/gcc/avr/10.1.0/../../../../avr/lib/avrxmega3\libattiny1614.a(eerd_block.o)
 .text          0x00000000000010c2        0x0 c:/dev/compilers/avr-gcc/bin/../lib/gcc/avr/10.1.0/../../../../avr/lib/avrxmega3\libattiny1614.a(eeupd_block.o)
 .text          0x00000000000010c2        0x0 c:/dev/compilers/avr-gcc/bin/../lib/gcc/avr/10.1.0/../../../../avr/lib/avrxmega3\libattiny1614.a(eeupd_byte.o)
 .text          0x00000000000010c2        0x0 c:/dev/compilers/avr-gcc/bin/../lib/gcc/avr/10.1.0/../../../../avr/lib/avrxmega3\libattiny1614.a(eewr_byte.o)
 .text          0x00000000000010c2        0x0 c:/dev/compilers/avr-gcc/bin/../lib/gcc/avr/10.1.0/../../../../avr/lib/avrxmega3\libattiny1614.a(eerd_byte.o)
 .text          0x00000000000010c2        0x0 c:/dev/compilers/avr-gcc/bin/../lib/gcc/avr/10.1.0/avrxmega3\libgcc.a(_prologue.o)
 .text          0x00000000000010c2        0x0 c:/dev/compilers/avr-gcc/bin/../lib/gcc/avr/10.1.0/avrxmega3\libgcc.a(_epilogue.o)
 .text          0x00000000000010c2        0x0 c:/dev/compilers/avr-gcc/bin/../lib/gcc/avr/10.1.0/../../../../avr/lib/avrxmega3\libc.a(memcpy.o)
                0x00000000000010c2                . = ALIGN (0x2)
 *(.text.*)
 .text.startup  0x00000000000010c2       0xa0 main.o
                0x00000000000010c2                main
 .text.libgcc.mul
                0x0000000000001162        0x0 c:/dev/compilers/avr-gcc/bin/../lib/gcc/avr/10.1.0/avrxmega3\libgcc.a(_divmodhi4.o)
 .text.libgcc.div
                0x0000000000001162       0x28 c:/dev/compilers/avr-gcc/bin/../lib/gcc/avr/10.1.0/avrxmega3\libgcc.a(_divmodhi4.o)
                0x0000000000001162                _div
                0x0000000000001162                __divmodhi4
 .text.libgcc   0x000000000000118a        0x0 c:/dev/compilers/avr-gcc/bin/../lib/gcc/avr/10.1.0/avrxmega3\libgcc.a(_divmodhi4.o)
 .text.libgcc.prologue
                0x000000000000118a        0x0 c:/dev/compilers/avr-gcc/bin/../lib/gcc/avr/10.1.0/avrxmega3\libgcc.a(_divmodhi4.o)
 .text.libgcc.builtins
                0x000000000000118a        0x0 c:/dev/compilers/avr-gcc/bin/../lib/gcc/avr/10.1.0/avrxmega3\libgcc.a(_divmodhi4.o)
 .text.libgcc.fmul
                0x000000000000118a        0x0 c:/dev/compilers/avr-gcc/bin/../lib/gcc/avr/10.1.0/avrxmega3\libgcc.a(_divmodhi4.o)
 .text.libgcc.fixed
                0x000000000000118a        0x0 c:/dev/compilers/avr-gcc/bin/../lib/gcc/avr/10.1.0/avrxmega3\libgcc.a(_divmodhi4.o)
 .text.libgcc.mul
                0x000000000000118a        0x0 c:/dev/compilers/avr-gcc/bin/../lib/gcc/avr/10.1.0/avrxmega3\libgcc.a(_exit.o)
 .text.libgcc.div
                0x000000000000118a        0x0 c:/dev/compilers/avr-gcc/bin/../lib/gcc/avr/10.1.0/avrxmega3\libgcc.a(_exit.o)
 .text.libgcc   0x000000000000118a        0x0 c:/dev/compilers/avr-gcc/bin/../lib/gcc/avr/10.1.0/avrxmega3\libgcc.a(_exit.o)
 .text.libgcc.prologue
                0x000000000000118a        0x0 c:/dev/compilers/avr-gcc/bin/../lib/gcc/avr/10.1.0/avrxmega3\libgcc.a(_exit.o)
 .text.libgcc.builtins
                0x000000000000118a        0x0 c:/dev/compilers/avr-gcc/bin/../lib/gcc/avr/10.1.0/avrxmega3\libgcc.a(_exit.o)
 .text.libgcc.fmul
                0x000000000000118a        0x0 c:/dev/compilers/avr-gcc/bin/../lib/gcc/avr/10.1.0/avrxmega3\libgcc.a(_exit.o)
 .text.libgcc.fixed
                0x000000000000118a        0x0 c:/dev/compilers/avr-gcc/bin/../lib/gcc/avr/10.1.0/avrxmega3\libgcc.a(_exit.o)
 .text.libgcc.mul
                0x000000000000118a        0x0 c:/dev/compilers/avr-gcc/bin/../lib/gcc/avr/10.1.0/avrxmega3\libgcc.a(_copy_data.o)
 .text.libgcc.div
                0x000000000000118a        0x0 c:/dev/compilers/avr-gcc/bin/../lib/gcc/avr/10.1.0/avrxmega3\libgcc.a(_copy_data.o)
 .text.libgcc   0x000000000000118a        0x0 c:/dev/compilers/avr-gcc/bin/../lib/gcc/avr/10.1.0/avrxmega3\libgcc.a(_copy_data.o)
 .text.libgcc.prologue
                0x000000000000118a        0x0 c:/dev/compilers/avr-gcc/bin/../lib/gcc/avr/10.1.0/avrxmega3\libgcc.a(_copy_data.o)
 .text.libgcc.builtins
                0x000000000000118a        0x0 c:/dev/compilers/avr-gcc/bin/../lib/gcc/avr/10.1.0/avrxmega3\libgcc.a(_copy_data.o)
 .text.libgcc.fmul
                0x000000000000118a        0x0 c:/dev/compilers/avr-gcc/bin/../lib/gcc/avr/10.1.0/avrxmega3\libgcc.a(_copy_data.o)
 .text.libgcc.fixed
                0x000000000000118a        0x0 c:/dev/compilers/avr-gcc/bin/../lib/gcc/avr/10.1.0/avrxmega3\libgcc.a(_copy_data.o)
 .text.libgcc.mul
                0x000000000000118a        0x0 c:/dev/compilers/avr-gcc/bin/../lib/gcc/avr/10.1.0/avrxmega3\libgcc.a(_clear_bss.o)
 .text.libgcc.div
                0x000000000000118a        0x0 c:/dev/compilers/avr-gcc/bin/../lib/gcc/avr/10.1.0/avrxmega3\libgcc.a(_clear_bss.o)
 .text.libgcc   0x000000000000118a        0x0 c:/dev/compilers/avr-gcc/bin/../lib/gcc/avr/10.1.0/avrxmega3\libgcc.a(_clear_bss.o)
 .text.libgcc.prologue
                0x000000000000118a        0x0 c:/dev/compilers/avr-gcc/bin/../lib/gcc/avr/10.1.0/avrxmega3\libgcc.a(_clear_bss.o)
 .text.libgcc.builtins
                0x000000000000118a        0x0 c:/dev/compilers/avr-gcc/bin/../lib/gcc/avr/10.1.0/avrxmega3\libgcc.a(_clear_bss.o)
 .text.libgcc.fmul
                0x000000000000118a        0x0 c:/dev/compilers/avr-gcc/bin/../lib/gcc/avr/10.1.0/avrxmega3\libgcc.a(_clear_bss.o)
 .text.libgcc.fixed
                0x000000000000118a        0x0 c:/dev/compilers/avr-gcc/bin/../lib/gcc/avr/10.1.0/avrxmega3\libgcc.a(_clear_bss.o)
 .text.libgcc.mul
                0x000000000000118a        0x0 c:/dev/compilers/avr-gcc/bin/../lib/gcc/avr/10.1.0/avrxmega3\libgcc.a(_udivmodhi4.o)
 .text.libgcc.div
                0x000000000000118a       0x28 c:/dev/compilers/avr-gcc/bin/../lib/gcc/avr/10.1.0/avrxmega3\libgcc.a(_udivmodhi4.o)
                0x000000000000118a                __udivmodhi4
 .text.libgcc   0x00000000000011b2        0x0 c:/dev/compilers/avr-gcc/bin/../lib/gcc/avr/10.1.0/avrxmega3\libgcc.a(_udivmodhi4.o)
 .text.libgcc.prologue
                0x00000000000011b2        0x0 c:/dev/compilers/avr-gcc/bin/../lib/gcc/avr/10.1.0/avrxmega3\libgcc.a(_udivmodhi4.o)
 .text.libgcc.builtins
                0x00000000000011b2        0x0 c:/dev/compilers/avr-gcc/bin/../lib/gcc/avr/10.1.0/avrxmega3\libgcc.a(_udivmodhi4.o)
 .text.libgcc.fmul
                0x00000000000011b2        0x0 c:/dev/compilers/avr-gcc/bin/../lib/gcc/avr/10.1.0/avrxmega3\libgcc.a(_udivmodhi4.o)
 .text.libgcc.fixed
                0x00000000000011b2        0x0 c:/dev/compilers/avr-gcc/bin/../lib/gcc/avr/10.1.0/avrxmega3\libgcc.a(_udivmodhi4.o)
 .text.avr-libc.fplib
                0x00000000000011b2        0xe c:/dev/compilers/avr-gcc/bin/../lib/gcc/avr/10.1.0/../../../../avr/lib/avrxmega3\libm.a(addsf3.o)
                0x00000000000011b2                __subsf3
                0x00000000000011b4                __addsf3
 .text.avr-libc.fplib
                0x00000000000011c0       0xcc c:/dev/compilers/avr-gcc/bin/../lib/gcc/avr/10.1.0/../../../../avr/lib/avrxmega3\libm.a(addsf3x.o)
                0x00000000000011e2                __addsf3x
 .text.avr-libc.fplib
                0x000000000000128c        0x8 c:/dev/compilers/avr-gcc/bin/../lib/gcc/avr/10.1.0/../../../../avr/lib/avrxmega3\libm.a(divsf3.o)
                0x000000000000128c                __divsf3
 .text.avr-libc.fplib
                0x0000000000001294       0xdc c:/dev/compilers/avr-gcc/bin/../lib/gcc/avr/10.1.0/../../../../avr/lib/avrxmega3\libm.a(divsf3x.o)
                0x00000000000012b4                __divsf3x
                0x00000000000012ba                __divsf3_pse
 .text.avr-libc.fplib
                0x0000000000001370       0x5e c:/dev/compilers/avr-gcc/bin/../lib/gcc/avr/10.1.0/../../../../avr/lib/avrxmega3\libm.a(fixunssfsi.o)
                0x0000000000001370                __fixunssfsi
 .text.avr-libc.fplib
                0x00000000000013ce       0x7a c:/dev/compilers/avr-gcc/bin/../lib/gcc/avr/10.1.0/../../../../avr/lib/avrxmega3\libm.a(floatsisf.o)
                0x00000000000013ce                __floatunsisf
                0x00000000000013d2                __floatsisf
 .text.avr-libc.fplib
                0x0000000000001448        0xc c:/dev/compilers/avr-gcc/bin/../lib/gcc/avr/10.1.0/../../../../avr/lib/avrxmega3\libm.a(fp_inf.o)
                0x0000000000001448                __fp_inf
 .text.avr-libc.fplib
                0x0000000000001454        0x6 c:/dev/compilers/avr-gcc/bin/../lib/gcc/avr/10.1.0/../../../../avr/lib/avrxmega3\libm.a(fp_nan.o)
                0x0000000000001454                __fp_nan
 .text.avr-libc.fplib
                0x000000000000145a        0xe c:/dev/compilers/avr-gcc/bin/../lib/gcc/avr/10.1.0/../../../../avr/lib/avrxmega3\libm.a(fp_pscA.o)
                0x000000000000145a                __fp_pscA
 .text.avr-libc.fplib
                0x0000000000001468        0xe c:/dev/compilers/avr-gcc/bin/../lib/gcc/avr/10.1.0/../../../../avr/lib/avrxmega3\libm.a(fp_pscB.o)
                0x0000000000001468                __fp_pscB
 .text.avr-libc.fplib
                0x0000000000001476       0x22 c:/dev/compilers/avr-gcc/bin/../lib/gcc/avr/10.1.0/../../../../avr/lib/avrxmega3\libm.a(fp_round.o)
                0x0000000000001476                __fp_round
 .text.avr-libc.fplib
                0x0000000000001498       0x44 c:/dev/compilers/avr-gcc/bin/../lib/gcc/avr/10.1.0/../../../../avr/lib/avrxmega3\libm.a(fp_split3.o)
                0x0000000000001498                __fp_split3
                0x00000000000014a8                __fp_splitA
 .text.avr-libc.fplib
                0x00000000000014dc        0xe c:/dev/compilers/avr-gcc/bin/../lib/gcc/avr/10.1.0/../../../../avr/lib/avrxmega3\libm.a(fp_zero.o)
                0x00000000000014dc                __fp_zero
                0x00000000000014de                __fp_szero
 .text.avr-libc.fplib
                0x00000000000014ea        0x8 c:/dev/compilers/avr-gcc/bin/../lib/gcc/avr/10.1.0/../../../../avr/lib/avrxmega3\libm.a(mulsf3.o)
                0x00000000000014ea                __mulsf3
 .text.avr-libc.fplib
                0x00000000000014f2       0xd2 c:/dev/compilers/avr-gcc/bin/../lib/gcc/avr/10.1.0/../../../../avr/lib/avrxmega3\libm.a(mulsf3x.o)
                0x0000000000001510                __mulsf3x
                0x0000000000001516                __mulsf3_pse
 .text.avr-libc
                0x00000000000015c4       0x26 c:/dev/compilers/avr-gcc/bin/../lib/gcc/avr/10.1.0/../../../../avr/lib/avrxmega3\libc.a(strcasecmp_P.o)
                0x00000000000015c4                strcasecmp_P
 .text.avr-libc
                0x00000000000015ea        0xa c:/dev/compilers/avr-gcc/bin/../lib/gcc/avr/10.1.0/../../../../avr/lib/avrxmega3\libc.a(strtok.o)
                0x00000000000015ea                strtok
 .text.avr-libc
                0x00000000000015f4       0x26 c:/dev/compilers/avr-gcc/bin/../lib/gcc/avr/10.1.0/../../../../avr/lib/avrxmega3\libc.a(strcasecmp.o)
                0x00000000000015f4                strcasecmp
 .text.avr-libc
                0x000000000000161a        0xe c:/dev/compilers/avr-gcc/bin/../lib/gcc/avr/10.1.0/../../../../avr/lib/avrxmega3\libc.a(strcpy.o)
                0x000000000000161a                strcpy
 .text.avr-libc
                0x0000000000001628       0x4e c:/dev/compilers/avr-gcc/bin/../lib/gcc/avr/10.1.0/../../../../avr/lib/avrxmega3\libc.a(strtok_r.o)
                0x0000000000001628                strtok_r
 .text.avr-libc
                0x0000000000001676       0x4c c:/dev/compilers/avr-gcc/bin/../lib/gcc/avr/10.1.0/../../../../avr/lib/avrxmega3\libc.a(printf_p.o)
                0x0000000000001676                printf_P
 .text.avr-libc
                0x00000000000016c2       0x46 c:/dev/compilers/avr-gcc/bin/../lib/gcc/avr/10.1.0/../../../../avr/lib/avrxmega3\libc.a(sprintf_p.o)
                0x00000000000016c2                sprintf_P
 .text.avr-libc
                0x0000000000001708      0x3a6 c:/dev/compilers/avr-gcc/bin/../lib/gcc/avr/10.1.0/../../../../avr/lib/avrxmega3\libc.a(vfprintf_std.o)
                0x0000000000001708                vfprintf
 .text.avr-libc
                0x0000000000001aae       0x16 c:/dev/compilers/avr-gcc/bin/../lib/gcc/avr/10.1.0/../../../../avr/lib/avrxmega3\libc.a(strnlen_P.o)
                0x0000000000001aae                strnlen_P
 .text.avr-libc
                0x0000000000001ac4       0x16 c:/dev/compilers/avr-gcc/bin/../lib/gcc/avr/10.1.0/../../../../avr/lib/avrxmega3\libc.a(strnlen.o)
                0x0000000000001ac4                strnlen
 .text.avr-libc
                0x0000000000001ada       0x60 c:/dev/compilers/avr-gcc/bin/../lib/gcc/avr/10.1.0/../../../../avr/lib/avrxmega3\libc.a(fputc.o)
                0x0000000000001ada                fputc
 .text.avr-libc
                0x0000000000001b3a       0xbc c:/dev/compilers/avr-gcc/bin/../lib/gcc/avr/10.1.0/../../../../avr/lib/avrxmega3\libc.a(ultoa_invert.o)
                0x0000000000001b3a                __ultoa_invert
 .text.avr-libc
                0x0000000000001bf6        0x8 c:/dev/compilers/avr-gcc/bin/../lib/gcc/avr/10.1.0/../../../../avr/lib/avrxmega3\libattiny1614.a(eerd_block.o)
                0x0000000000001bf6                eeprom_read_block
 .text.avr-libc
                0x0000000000001bfe       0x20 c:/dev/compilers/avr-gcc/bin/../lib/gcc/avr/10.1.0/../../../../avr/lib/avrxmega3\libattiny1614.a(eeupd_block.o)
                0x0000000000001bfe                eeprom_update_block
 .text.avr-libc
                0x0000000000001c1e       0x16 c:/dev/compilers/avr-gcc/bin/../lib/gcc/avr/10.1.0/../../../../avr/lib/avrxmega3\libattiny1614.a(eeupd_byte.o)
                0x0000000000001c1e                eeprom_update_byte
                0x0000000000001c20                eeprom_update_r18
 .text.avr-libc
                0x0000000000001c34       0x28 c:/dev/compilers/avr-gcc/bin/../lib/gcc/avr/10.1.0/../../../../avr/lib/avrxmega3\libattiny1614.a(eewr_byte.o)
                0x0000000000001c34                eeprom_write_byte
                0x0000000000001c36                eeprom_write_r18
 .text.avr-libc
                0x0000000000001c5c       0x10 c:/dev/compilers/avr-gcc/bin/../lib/gcc/avr/10.1.0/../../../../avr/lib/avrxmega3\libattiny1614.a(eerd_byte.o)
                0x0000000000001c5c                eeprom_read_byte
                0x0000000000001c64                eeprom_mapen
 .text.libgcc.mul
                0x0000000000001c6c        0x0 c:/dev/compilers/avr-gcc/bin/../lib/gcc/avr/10.1.0/avrxmega3\libgcc.a(_prologue.o)
 .text.libgcc.div
                0x0000000000001c6c        0x0 c:/dev/compilers/avr-gcc/bin/../lib/gcc/avr/10.1.0/avrxmega3\libgcc.a(_prologue.o)
 .text.libgcc   0x0000000000001c6c        0x0 c:/dev/compilers/avr-gcc/bin/../lib/gcc/avr/10.1.0/avrxmega3\libgcc.a(_prologue.o)
 .text.libgcc.prologue
                0x0000000000001c6c       0x32 c:/dev/compilers/avr-gcc/bin/../lib/gcc/avr/10.1.0/avrxmega3\libgcc.a(_prologue.o)
                0x0000000000001c6c                __prologue_saves__
 .text.libgcc.builtins
                0x0000000000001c9e        0x0 c:/dev/compilers/avr-gcc/bin/../lib/gcc/avr/10.1.0/avrxmega3\libgcc.a(_prologue.o)
 .text.libgcc.fmul
                0x0000000000001c9e        0x0 c:/dev/compilers/avr-gcc/bin/../lib/gcc/avr/10.1.0/avrxmega3\libgcc.a(_prologue.o)
 .text.libgcc.fixed
                0x0000000000001c9e        0x0 c:/dev/compilers/avr-gcc/bin/../lib/gcc/avr/10.1.0/avrxmega3\libgcc.a(_prologue.o)
 .text.libgcc.mul
                0x0000000000001c9e        0x0 c:/dev/compilers/avr-gcc/bin/../lib/gcc/avr/10.1.0/avrxmega3\libgcc.a(_epilogue.o)
 .text.libgcc.div
                0x0000000000001c9e        0x0 c:/dev/compilers/avr-gcc/bin/../lib/gcc/avr/10.1.0/avrxmega3\libgcc.a(_epilogue.o)
 .text.libgcc   0x0000000000001c9e        0x0 c:/dev/compilers/avr-gcc/bin/../lib/gcc/avr/10.1.0/avrxmega3\libgcc.a(_epilogue.o)
 .text.libgcc.prologue
                0x0000000000001c9e       0x30 c:/dev/compilers/avr-gcc/bin/../lib/gcc/avr/10.1.0/avrxmega3\libgcc.a(_epilogue.o)
                0x0000000000001c9e                __epilogue_restores__
 .text.libgcc.builtins
                0x0000000000001cce        0x0 c:/dev/compilers/avr-gcc/bin/../lib/gcc/avr/10.1.0/avrxmega3\libgcc.a(_epilogue.o)
 .text.libgcc.fmul
                0x0000000000001cce        0x0 c:/dev/compilers/avr-gcc/bin/../lib/gcc/avr/10.1.0/avrxmega3\libgcc.a(_epilogue.o)
 .text.libgcc.fixed
                0x0000000000001cce        0x0 c:/dev/compilers/avr-gcc/bin/../lib/gcc/avr/10.1.0/avrxmega3\libgcc.a(_epilogue.o)
 .text.avr-libc
                0x0000000000001cce       0x12 c:/dev/compilers/avr-gcc/bin/../lib/gcc/avr/10.1.0/../../../../avr/lib/avrxmega3\libc.a(memcpy.o)
                0x0000000000001cce                memcpy
                0x0000000000001ce0                . = ALIGN (0x2)
 *(.fini9)
 .fini9         0x0000000000001ce0        0x0 c:/dev/compilers/avr-gcc/bin/../lib/gcc/avr/10.1.0/avrxmega3\libgcc.a(_exit.o)
                0x0000000000001ce0                _exit
                0x0000000000001ce0                exit
 *(.fini9)
 *(.fini8)
 *(.fini8)
 *(.fini7)
 *(.fini7)
 *(.fini6)
 *(.fini6)
 *(.fini5)
 *(.fini5)
 *(.fini4)
 *(.fini4)
 *(.fini3)
 *(.fini3)
 *(.fini2)
 *(.fini2)
 *(.fini1)
 *(.fini1)
 *(.fini0)
 .fini0         0x0000000000001ce0        0x4 c:/dev/compilers/avr-gcc/bin/../lib/gcc/avr/10.1.0/avrxmega3\libgcc.a(_exit.o)
 *(.fini0)
 *(.hightext)
 *(.hightext*)
 *(.progmemx.*)
                0x0000000000001ce4                . = ALIGN (0x2)
 *(.jumptables)
 *(.jumptables*)
                0x0000000000001ce4                _etext = .

.rodata         0x0000000000009ce4        0x2 load address 0x0000000000001ce4
 *(.rodata)
 *(.rodata*)
 .rodata.str1.1
                0x0000000000009ce4        0x2 cmd.o
                                          0x3 (size before relaxing)
 *(.gnu.linkonce.r*)

.data           0x0000000000803800        0xe load address 0x0000000000001ce6
                0x0000000000803800                PROVIDE (__data_start = .)
 *(.data)
 .data          0x0000000000803800        0x0 c:/dev/compilers/avr-gcc/bin/../lib/gcc/avr/10.1.0/../../../../avr/lib/avrxmega3/crtattiny1614.o
 .data          0x0000000000803800        0xe main.o
                0x0000000000803800                uart_str
 .data          0x000000000080380e        0x0 cmd.o
 .data          0x000000000080380e        0x0 config.o
 .data          0x000000000080380e        0x0 util.o
 .data          0x000000000080380e        0x0 usart_buffered.o
 .data          0x000000000080380e        0x0 i2c.o
 .data          0x000000000080380e        0x0 timer.o
 .data          0x000000000080380e        0x0 c:/dev/compilers/avr-gcc/bin/../lib/gcc/avr/10.1.0/avrxmega3\libgcc.a(_divmodhi4.o)
 .data          0x000000000080380e        0x0 c:/dev/compilers/avr-gcc/bin/../lib/gcc/avr/10.1.0/avrxmega3\libgcc.a(_exit.o)
 .data          0x000000000080380e        0x0 c:/dev/compilers/avr-gcc/bin/../lib/gcc/avr/10.1.0/avrxmega3\libgcc.a(_copy_data.o)
 .data          0x000000000080380e        0x0 c:/dev/compilers/avr-gcc/bin/../lib/gcc/avr/10.1.0/avrxmega3\libgcc.a(_clear_bss.o)
 .data          0x000000000080380e        0x0 c:/dev/compilers/avr-gcc/bin/../lib/gcc/avr/10.1.0/avrxmega3\libgcc.a(_udivmodhi4.o)
 .data          0x000000000080380e        0x0 c:/dev/compilers/avr-gcc/bin/../lib/gcc/avr/10.1.0/../../../../avr/lib/avrxmega3\libm.a(addsf3.o)
 .data          0x000000000080380e        0x0 c:/dev/compilers/avr-gcc/bin/../lib/gcc/avr/10.1.0/../../../../avr/lib/avrxmega3\libm.a(addsf3x.o)
 .data          0x000000000080380e        0x0 c:/dev/compilers/avr-gcc/bin/../lib/gcc/avr/10.1.0/../../../../avr/lib/avrxmega3\libm.a(divsf3.o)
 .data          0x000000000080380e        0x0 c:/dev/compilers/avr-gcc/bin/../lib/gcc/avr/10.1.0/../../../../avr/lib/avrxmega3\libm.a(divsf3x.o)
 .data          0x000000000080380e        0x0 c:/dev/compilers/avr-gcc/bin/../lib/gcc/avr/10.1.0/../../../../avr/lib/avrxmega3\libm.a(fixunssfsi.o)
 .data          0x000000000080380e        0x0 c:/dev/compilers/avr-gcc/bin/../lib/gcc/avr/10.1.0/../../../../avr/lib/avrxmega3\libm.a(floatsisf.o)
 .data          0x000000000080380e        0x0 c:/dev/compilers/avr-gcc/bin/../lib/gcc/avr/10.1.0/../../../../avr/lib/avrxmega3\libm.a(fp_inf.o)
 .data          0x000000000080380e        0x0 c:/dev/compilers/avr-gcc/bin/../lib/gcc/avr/10.1.0/../../../../avr/lib/avrxmega3\libm.a(fp_nan.o)
 .data          0x000000000080380e        0x0 c:/dev/compilers/avr-gcc/bin/../lib/gcc/avr/10.1.0/../../../../avr/lib/avrxmega3\libm.a(fp_pscA.o)
 .data          0x000000000080380e        0x0 c:/dev/compilers/avr-gcc/bin/../lib/gcc/avr/10.1.0/../../../../avr/lib/avrxmega3\libm.a(fp_pscB.o)
 .data          0x000000000080380e        0x0 c:/dev/compilers/avr-gcc/bin/../lib/gcc/avr/10.1.0/../../../../avr/lib/avrxmega3\libm.a(fp_round.o)
 .data          0x000000000080380e        0x0 c:/dev/compilers/avr-gcc/bin/../lib/gcc/avr/10.1.0/../../../../avr/lib/avrxmega3\libm.a(fp_split3.o)
 .data          0x000000000080380e        0x0 c:/dev/compilers/avr-gcc/bin/../lib/gcc/avr/10.1.0/../../../../avr/lib/avrxmega3\libm.a(fp_zero.o)
 .data          0x000000000080380e        0x0 c:/dev/compilers/avr-gcc/bin/../lib/gcc/avr/10.1.0/../../../../avr/lib/avrxmega3\libm.a(mulsf3.o)
 .data          0x000000000080380e        0x0 c:/dev/compilers/avr-gcc/bin/../lib/gcc/avr/10.1.0/../../../../avr/lib/avrxmega3\libm.a(mulsf3x.o)
 .data          0x000000000080380e        0x0 c:/dev/compilers/avr-gcc/bin/../lib/gcc/avr/10.1.0/../../../../avr/lib/avrxmega3\libc.a(strcasecmp_P.o)
 .data          0x000000000080380e        0x0 c:/dev/compilers/avr-gcc/bin/../lib/gcc/avr/10.1.0/../../../../avr/lib/avrxmega3\libc.a(strtok.o)
 .data          0x000000000080380e        0x0 c:/dev/compilers/avr-gcc/bin/../lib/gcc/avr/10.1.0/../../../../avr/lib/avrxmega3\libc.a(strcasecmp.o)
 .data          0x000000000080380e        0x0 c:/dev/compilers/avr-gcc/bin/../lib/gcc/avr/10.1.0/../../../../avr/lib/avrxmega3\libc.a(strcpy.o)
 .data          0x000000000080380e        0x0 c:/dev/compilers/avr-gcc/bin/../lib/gcc/avr/10.1.0/../../../../avr/lib/avrxmega3\libc.a(strtok_r.o)
 .data          0x000000000080380e        0x0 c:/dev/compilers/avr-gcc/bin/../lib/gcc/avr/10.1.0/../../../../avr/lib/avrxmega3\libc.a(iob.o)
 .data          0x000000000080380e        0x0 c:/dev/compilers/avr-gcc/bin/../lib/gcc/avr/10.1.0/../../../../avr/lib/avrxmega3\libc.a(printf_p.o)
 .data          0x000000000080380e        0x0 c:/dev/compilers/avr-gcc/bin/../lib/gcc/avr/10.1.0/../../../../avr/lib/avrxmega3\libc.a(sprintf_p.o)
 .data          0x000000000080380e        0x0 c:/dev/compilers/avr-gcc/bin/../lib/gcc/avr/10.1.0/../../../../avr/lib/avrxmega3\libc.a(vfprintf_std.o)
 .data          0x000000000080380e        0x0 c:/dev/compilers/avr-gcc/bin/../lib/gcc/avr/10.1.0/../../../../avr/lib/avrxmega3\libc.a(strnlen_P.o)
 .data          0x000000000080380e        0x0 c:/dev/compilers/avr-gcc/bin/../lib/gcc/avr/10.1.0/../../../../avr/lib/avrxmega3\libc.a(strnlen.o)
 .data          0x000000000080380e        0x0 c:/dev/compilers/avr-gcc/bin/../lib/gcc/avr/10.1.0/../../../../avr/lib/avrxmega3\libc.a(fputc.o)
 .data          0x000000000080380e        0x0 c:/dev/compilers/avr-gcc/bin/../lib/gcc/avr/10.1.0/../../../../avr/lib/avrxmega3\libc.a(ultoa_invert.o)
 .data          0x000000000080380e        0x0 c:/dev/compilers/avr-gcc/bin/../lib/gcc/avr/10.1.0/../../../../avr/lib/avrxmega3\libattiny1614.a(eerd_block.o)
 .data          0x000000000080380e        0x0 c:/dev/compilers/avr-gcc/bin/../lib/gcc/avr/10.1.0/../../../../avr/lib/avrxmega3\libattiny1614.a(eeupd_block.o)
 .data          0x000000000080380e        0x0 c:/dev/compilers/avr-gcc/bin/../lib/gcc/avr/10.1.0/../../../../avr/lib/avrxmega3\libattiny1614.a(eeupd_byte.o)
 .data          0x000000000080380e        0x0 c:/dev/compilers/avr-gcc/bin/../lib/gcc/avr/10.1.0/../../../../avr/lib/avrxmega3\libattiny1614.a(eewr_byte.o)
 .data          0x000000000080380e        0x0 c:/dev/compilers/avr-gcc/bin/../lib/gcc/avr/10.1.0/../../../../avr/lib/avrxmega3\libattiny1614.a(eerd_byte.o)
 .data          0x000000000080380e        0x0 c:/dev/compilers/avr-gcc/bin/../lib/gcc/avr/10.1.0/avrxmega3\libgcc.a(_prologue.o)
 .data          0x000000000080380e        0x0 c:/dev/compilers/avr-gcc/bin/../lib/gcc/avr/10.1.0/avrxmega3\libgcc.a(_epilogue.o)
 .data          0x000000000080380e        0x0 c:/dev/compilers/avr-gcc/bin/../lib/gcc/avr/10.1.0/../../../../avr/lib/avrxmega3\libc.a(memcpy.o)
 *(.data*)
 *(.gnu.linkonce.d*)
                0x000000000080380e                . = ALIGN (0x2)
                0x000000000080380e                _edata = .
                0x000000000080380e                PROVIDE (__data_end = .)

.bss            0x000000000080380e      0x1e4
                0x000000000080380e                PROVIDE (__bss_start = .)
 *(.bss)
 .bss           0x000000000080380e        0x0 c:/dev/compilers/avr-gcc/bin/../lib/gcc/avr/10.1.0/../../../../avr/lib/avrxmega3/crtattiny1614.o
 .bss           0x000000000080380e       0x10 main.o
                0x000000000080380e                _g_counters
                0x000000000080381a                _g_rs
                0x000000000080381c                _g_cfg
 .bss           0x000000000080381e      0x147 cmd.o
                0x000000000080381e                _g_cmd
                0x0000000000803964                _g_current_console
 .bss           0x0000000000803965        0x0 config.o
 .bss           0x0000000000803965        0x0 util.o
 .bss           0x0000000000803965       0x85 usart_buffered.o
 .bss           0x00000000008039ea        0x0 i2c.o
 .bss           0x00000000008039ea        0x0 timer.o
 .bss           0x00000000008039ea        0x0 c:/dev/compilers/avr-gcc/bin/../lib/gcc/avr/10.1.0/avrxmega3\libgcc.a(_divmodhi4.o)
 .bss           0x00000000008039ea        0x0 c:/dev/compilers/avr-gcc/bin/../lib/gcc/avr/10.1.0/avrxmega3\libgcc.a(_exit.o)
 .bss           0x00000000008039ea        0x0 c:/dev/compilers/avr-gcc/bin/../lib/gcc/avr/10.1.0/avrxmega3\libgcc.a(_copy_data.o)
 .bss           0x00000000008039ea        0x0 c:/dev/compilers/avr-gcc/bin/../lib/gcc/avr/10.1.0/avrxmega3\libgcc.a(_clear_bss.o)
 .bss           0x00000000008039ea        0x0 c:/dev/compilers/avr-gcc/bin/../lib/gcc/avr/10.1.0/avrxmega3\libgcc.a(_udivmodhi4.o)
 .bss           0x00000000008039ea        0x0 c:/dev/compilers/avr-gcc/bin/../lib/gcc/avr/10.1.0/../../../../avr/lib/avrxmega3\libm.a(addsf3.o)
 .bss           0x00000000008039ea        0x0 c:/dev/compilers/avr-gcc/bin/../lib/gcc/avr/10.1.0/../../../../avr/lib/avrxmega3\libm.a(addsf3x.o)
 .bss           0x00000000008039ea        0x0 c:/dev/compilers/avr-gcc/bin/../lib/gcc/avr/10.1.0/../../../../avr/lib/avrxmega3\libm.a(divsf3.o)
 .bss           0x00000000008039ea        0x0 c:/dev/compilers/avr-gcc/bin/../lib/gcc/avr/10.1.0/../../../../avr/lib/avrxmega3\libm.a(divsf3x.o)
 .bss           0x00000000008039ea        0x0 c:/dev/compilers/avr-gcc/bin/../lib/gcc/avr/10.1.0/../../../../avr/lib/avrxmega3\libm.a(fixunssfsi.o)
 .bss           0x00000000008039ea        0x0 c:/dev/compilers/avr-gcc/bin/../lib/gcc/avr/10.1.0/../../../../avr/lib/avrxmega3\libm.a(floatsisf.o)
 .bss           0x00000000008039ea        0x0 c:/dev/compilers/avr-gcc/bin/../lib/gcc/avr/10.1.0/../../../../avr/lib/avrxmega3\libm.a(fp_inf.o)
 .bss           0x00000000008039ea        0x0 c:/dev/compilers/avr-gcc/bin/../lib/gcc/avr/10.1.0/../../../../avr/lib/avrxmega3\libm.a(fp_nan.o)
 .bss           0x00000000008039ea        0x0 c:/dev/compilers/avr-gcc/bin/../lib/gcc/avr/10.1.0/../../../../avr/lib/avrxmega3\libm.a(fp_pscA.o)
 .bss           0x00000000008039ea        0x0 c:/dev/compilers/avr-gcc/bin/../lib/gcc/avr/10.1.0/../../../../avr/lib/avrxmega3\libm.a(fp_pscB.o)
 .bss           0x00000000008039ea        0x0 c:/dev/compilers/avr-gcc/bin/../lib/gcc/avr/10.1.0/../../../../avr/lib/avrxmega3\libm.a(fp_round.o)
 .bss           0x00000000008039ea        0x0 c:/dev/compilers/avr-gcc/bin/../lib/gcc/avr/10.1.0/../../../../avr/lib/avrxmega3\libm.a(fp_split3.o)
 .bss           0x00000000008039ea        0x0 c:/dev/compilers/avr-gcc/bin/../lib/gcc/avr/10.1.0/../../../../avr/lib/avrxmega3\libm.a(fp_zero.o)
 .bss           0x00000000008039ea        0x0 c:/dev/compilers/avr-gcc/bin/../lib/gcc/avr/10.1.0/../../../../avr/lib/avrxmega3\libm.a(mulsf3.o)
 .bss           0x00000000008039ea        0x0 c:/dev/compilers/avr-gcc/bin/../lib/gcc/avr/10.1.0/../../../../avr/lib/avrxmega3\libm.a(mulsf3x.o)
 .bss           0x00000000008039ea        0x0 c:/dev/compilers/avr-gcc/bin/../lib/gcc/avr/10.1.0/../../../../avr/lib/avrxmega3\libc.a(strcasecmp_P.o)
 .bss           0x00000000008039ea        0x2 c:/dev/compilers/avr-gcc/bin/../lib/gcc/avr/10.1.0/../../../../avr/lib/avrxmega3\libc.a(strtok.o)
 .bss           0x00000000008039ec        0x0 c:/dev/compilers/avr-gcc/bin/../lib/gcc/avr/10.1.0/../../../../avr/lib/avrxmega3\libc.a(strcasecmp.o)
 .bss           0x00000000008039ec        0x0 c:/dev/compilers/avr-gcc/bin/../lib/gcc/avr/10.1.0/../../../../avr/lib/avrxmega3\libc.a(strcpy.o)
 .bss           0x00000000008039ec        0x0 c:/dev/compilers/avr-gcc/bin/../lib/gcc/avr/10.1.0/../../../../avr/lib/avrxmega3\libc.a(strtok_r.o)
 .bss           0x00000000008039ec        0x6 c:/dev/compilers/avr-gcc/bin/../lib/gcc/avr/10.1.0/../../../../avr/lib/avrxmega3\libc.a(iob.o)
                0x00000000008039ec                __iob
 .bss           0x00000000008039f2        0x0 c:/dev/compilers/avr-gcc/bin/../lib/gcc/avr/10.1.0/../../../../avr/lib/avrxmega3\libc.a(printf_p.o)
 .bss           0x00000000008039f2        0x0 c:/dev/compilers/avr-gcc/bin/../lib/gcc/avr/10.1.0/../../../../avr/lib/avrxmega3\libc.a(sprintf_p.o)
 .bss           0x00000000008039f2        0x0 c:/dev/compilers/avr-gcc/bin/../lib/gcc/avr/10.1.0/../../../../avr/lib/avrxmega3\libc.a(vfprintf_std.o)
 .bss           0x00000000008039f2        0x0 c:/dev/compilers/avr-gcc/bin/../lib/gcc/avr/10.1.0/../../../../avr/lib/avrxmega3\libc.a(strnlen_P.o)
 .bss           0x00000000008039f2        0x0 c:/dev/compilers/avr-gcc/bin/../lib/gcc/avr/10.1.0/../../../../avr/lib/avrxmega3\libc.a(strnlen.o)
 .bss           0x00000000008039f2        0x0 c:/dev/compilers/avr-gcc/bin/../lib/gcc/avr/10.1.0/../../../../avr/lib/avrxmega3\libc.a(fputc.o)
 .bss           0x00000000008039f2        0x0 c:/dev/compilers/avr-gcc/bin/../lib/gcc/avr/10.1.0/../../../../avr/lib/avrxmega3\libc.a(ultoa_invert.o)
 .bss           0x00000000008039f2        0x0 c:/dev/compilers/avr-gcc/bin/../lib/gcc/avr/10.1.0/../../../../avr/lib/avrxmega3\libattiny1614.a(eerd_block.o)
 .bss           0x00000000008039f2        0x0 c:/dev/compilers/avr-gcc/bin/../lib/gcc/avr/10.1.0/../../../../avr/lib/avrxmega3\libattiny1614.a(eeupd_block.o)
 .bss           0x00000000008039f2        0x0 c:/dev/compilers/avr-gcc/bin/../lib/gcc/avr/10.1.0/../../../../avr/lib/avrxmega3\libattiny1614.a(eeupd_byte.o)
 .bss           0x00000000008039f2        0x0 c:/dev/compilers/avr-gcc/bin/../lib/gcc/avr/10.1.0/../../../../avr/lib/avrxmega3\libattiny1614.a(eewr_byte.o)
 .bss           0x00000000008039f2        0x0 c:/dev/compilers/avr-gcc/bin/../lib/gcc/avr/10.1.0/../../../../avr/lib/avrxmega3\libattiny1614.a(eerd_byte.o)
 .bss           0x00000000008039f2        0x0 c:/dev/compilers/avr-gcc/bin/../lib/gcc/avr/10.1.0/avrxmega3\libgcc.a(_prologue.o)
 .bss           0x00000000008039f2        0x0 c:/dev/compilers/avr-gcc/bin/../lib/gcc/avr/10.1.0/avrxmega3\libgcc.a(_epilogue.o)
 .bss           0x00000000008039f2        0x0 c:/dev/compilers/avr-gcc/bin/../lib/gcc/avr/10.1.0/../../../../avr/lib/avrxmega3\libc.a(memcpy.o)
 *(.bss*)
 *(COMMON)
                0x00000000008039f2                PROVIDE (__bss_end = .)
                0x0000000000001ce6                __data_load_start = LOADADDR (.data)
                0x0000000000001cf4                __data_load_end = (__data_load_start + SIZEOF (.data))

.noinit         0x00000000008039f2        0x0
                [!provide]                        PROVIDE (__noinit_start = .)
 *(.noinit*)
                [!provide]                        PROVIDE (__noinit_end = .)
                0x00000000008039f2                _end = .
                [!provide]                        PROVIDE (__heap_start = .)

.eeprom         0x0000000000810000        0x0
 *(.eeprom*)
                0x0000000000810000                __eeprom_end = .

.fuse
 *(.fuse)
 *(.lfuse)
 *(.hfuse)
 *(.efuse)

.lock
 *(.lock*)

.signature
 *(.signature*)

.stab
 *(.stab)

.stabstr
 *(.stabstr)

.stab.excl
 *(.stab.excl)

.stab.exclstr
 *(.stab.exclstr)

.stab.index
 *(.stab.index)

.stab.indexstr
 *(.stab.indexstr)

.comment        0x0000000000000000       0x12
 *(.comment)
 .comment       0x0000000000000000       0x12 main.o
                                         0x13 (size before relaxing)
 .comment       0x0000000000000012       0x13 cmd.o
 .comment       0x0000000000000012       0x13 config.o
 .comment       0x0000000000000012       0x13 util.o
 .comment       0x0000000000000012       0x13 usart_buffered.o
 .comment       0x0000000000000012       0x13 i2c.o
 .comment       0x0000000000000012       0x13 timer.o
 .comment       0x0000000000000012       0x13 c:/dev/compilers/avr-gcc/bin/../lib/gcc/avr/10.1.0/../../../../avr/lib/avrxmega3\libc.a(strtok.o)
 .comment       0x0000000000000012       0x13 c:/dev/compilers/avr-gcc/bin/../lib/gcc/avr/10.1.0/../../../../avr/lib/avrxmega3\libc.a(iob.o)
 .comment       0x0000000000000012       0x13 c:/dev/compilers/avr-gcc/bin/../lib/gcc/avr/10.1.0/../../../../avr/lib/avrxmega3\libc.a(printf_p.o)
 .comment       0x0000000000000012       0x13 c:/dev/compilers/avr-gcc/bin/../lib/gcc/avr/10.1.0/../../../../avr/lib/avrxmega3\libc.a(sprintf_p.o)
 .comment       0x0000000000000012       0x13 c:/dev/compilers/avr-gcc/bin/../lib/gcc/avr/10.1.0/../../../../avr/lib/avrxmega3\libc.a(vfprintf_std.o)
 .comment       0x0000000000000012       0x13 c:/dev/compilers/avr-gcc/bin/../lib/gcc/avr/10.1.0/../../../../avr/lib/avrxmega3\libc.a(fputc.o)

.note.gnu.avr.deviceinfo
                0x0000000000000000       0x40
 .note.gnu.avr.deviceinfo
                0x0000000000000000       0x40 c:/dev/compilers/avr-gcc/bin/../lib/gcc/avr/10.1.0/../../../../avr/lib/avrxmega3/crtattiny1614.o

.note.gnu.build-id
 *(.note.gnu.build-id)

.debug
 *(.debug)

.line
 *(.line)

.debug_srcinfo
 *(.debug_srcinfo)

.debug_sfnames
 *(.debug_sfnames)

.debug_aranges  0x0000000000000000       0xe0
 *(.debug_aranges)
 .debug_aranges
                0x0000000000000000       0x20 c:/dev/compilers/avr-gcc/bin/../lib/gcc/avr/10.1.0/avrxmega3\libgcc.a(_divmodhi4.o)
 .debug_aranges
                0x0000000000000020       0x20 c:/dev/compilers/avr-gcc/bin/../lib/gcc/avr/10.1.0/avrxmega3\libgcc.a(_exit.o)
 .debug_aranges
                0x0000000000000040       0x20 c:/dev/compilers/avr-gcc/bin/../lib/gcc/avr/10.1.0/avrxmega3\libgcc.a(_copy_data.o)
 .debug_aranges
                0x0000000000000060       0x20 c:/dev/compilers/avr-gcc/bin/../lib/gcc/avr/10.1.0/avrxmega3\libgcc.a(_clear_bss.o)
 .debug_aranges
                0x0000000000000080       0x20 c:/dev/compilers/avr-gcc/bin/../lib/gcc/avr/10.1.0/avrxmega3\libgcc.a(_udivmodhi4.o)
 .debug_aranges
                0x00000000000000a0       0x20 c:/dev/compilers/avr-gcc/bin/../lib/gcc/avr/10.1.0/avrxmega3\libgcc.a(_prologue.o)
 .debug_aranges
                0x00000000000000c0       0x20 c:/dev/compilers/avr-gcc/bin/../lib/gcc/avr/10.1.0/avrxmega3\libgcc.a(_epilogue.o)

.debug_pubnames
 *(.debug_pubnames)

.debug_info     0x0000000000000000     0x19a1
 *(.debug_info .gnu.linkonce.wi.*)
 .debug_info    0x0000000000000000     0x1897 c:/dev/compilers/avr-gcc/bin/../lib/gcc/avr/10.1.0/../../../../avr/lib/avrxmega3/crtattiny1614.o
 .debug_info    0x0000000000001897       0x26 c:/dev/compilers/avr-gcc/bin/../lib/gcc/avr/10.1.0/avrxmega3\libgcc.a(_divmodhi4.o)
 .debug_info    0x00000000000018bd       0x26 c:/dev/compilers/avr-gcc/bin/../lib/gcc/avr/10.1.0/avrxmega3\libgcc.a(_exit.o)
 .debug_info    0x00000000000018e3       0x26 c:/dev/compilers/avr-gcc/bin/../lib/gcc/avr/10.1.0/avrxmega3\libgcc.a(_copy_data.o)
 .debug_info    0x0000000000001909       0x26 c:/dev/compilers/avr-gcc/bin/../lib/gcc/avr/10.1.0/avrxmega3\libgcc.a(_clear_bss.o)
 .debug_info    0x000000000000192f       0x26 c:/dev/compilers/avr-gcc/bin/../lib/gcc/avr/10.1.0/avrxmega3\libgcc.a(_udivmodhi4.o)
 .debug_info    0x0000000000001955       0x26 c:/dev/compilers/avr-gcc/bin/../lib/gcc/avr/10.1.0/avrxmega3\libgcc.a(_prologue.o)
 .debug_info    0x000000000000197b       0x26 c:/dev/compilers/avr-gcc/bin/../lib/gcc/avr/10.1.0/avrxmega3\libgcc.a(_epilogue.o)

.debug_abbrev   0x0000000000000000     0x17d0
 *(.debug_abbrev)
 .debug_abbrev  0x0000000000000000     0x1744 c:/dev/compilers/avr-gcc/bin/../lib/gcc/avr/10.1.0/../../../../avr/lib/avrxmega3/crtattiny1614.o
 .debug_abbrev  0x0000000000001744       0x14 c:/dev/compilers/avr-gcc/bin/../lib/gcc/avr/10.1.0/avrxmega3\libgcc.a(_divmodhi4.o)
 .debug_abbrev  0x0000000000001758       0x14 c:/dev/compilers/avr-gcc/bin/../lib/gcc/avr/10.1.0/avrxmega3\libgcc.a(_exit.o)
 .debug_abbrev  0x000000000000176c       0x14 c:/dev/compilers/avr-gcc/bin/../lib/gcc/avr/10.1.0/avrxmega3\libgcc.a(_copy_data.o)
 .debug_abbrev  0x0000000000001780       0x14 c:/dev/compilers/avr-gcc/bin/../lib/gcc/avr/10.1.0/avrxmega3\libgcc.a(_clear_bss.o)
 .debug_abbrev  0x0000000000001794       0x14 c:/dev/compilers/avr-gcc/bin/../lib/gcc/avr/10.1.0/avrxmega3\libgcc.a(_udivmodhi4.o)
 .debug_abbrev  0x00000000000017a8       0x14 c:/dev/compilers/avr-gcc/bin/../lib/gcc/avr/10.1.0/avrxmega3\libgcc.a(_prologue.o)
 .debug_abbrev  0x00000000000017bc       0x14 c:/dev/compilers/avr-gcc/bin/../lib/gcc/avr/10.1.0/avrxmega3\libgcc.a(_epilogue.o)

.debug_line     0x0000000000000000      0x4fe
 *(.debug_line .debug_line.* .debug_line_end)
 .debug_line    0x0000000000000000       0x1d c:/dev/compilers/avr-gcc/bin/../lib/gcc/avr/10.1.0/../../../../avr/lib/avrxmega3/crtattiny1614.o
 .debug_line    0x000000000000001d       0xc7 c:/dev/compilers/avr-gcc/bin/../lib/gcc/avr/10.1.0/avrxmega3\libgcc.a(_divmodhi4.o)
 .debug_line    0x00000000000000e4       0x61 c:/dev/compilers/avr-gcc/bin/../lib/gcc/avr/10.1.0/avrxmega3\libgcc.a(_exit.o)
 .debug_line    0x0000000000000145       0x97 c:/dev/compilers/avr-gcc/bin/../lib/gcc/avr/10.1.0/avrxmega3\libgcc.a(_copy_data.o)
 .debug_line    0x00000000000001dc       0x85 c:/dev/compilers/avr-gcc/bin/../lib/gcc/avr/10.1.0/avrxmega3\libgcc.a(_clear_bss.o)
 .debug_line    0x0000000000000261       0xcd c:/dev/compilers/avr-gcc/bin/../lib/gcc/avr/10.1.0/avrxmega3\libgcc.a(_udivmodhi4.o)
 .debug_line    0x000000000000032e       0xeb c:/dev/compilers/avr-gcc/bin/../lib/gcc/avr/10.1.0/avrxmega3\libgcc.a(_prologue.o)
 .debug_line    0x0000000000000419       0xe5 c:/dev/compilers/avr-gcc/bin/../lib/gcc/avr/10.1.0/avrxmega3\libgcc.a(_epilogue.o)

.debug_frame
 *(.debug_frame)

.debug_str      0x0000000000000000      0xab0
 *(.debug_str)
 .debug_str     0x0000000000000000      0xa4c c:/dev/compilers/avr-gcc/bin/../lib/gcc/avr/10.1.0/../../../../avr/lib/avrxmega3/crtattiny1614.o
 .debug_str     0x0000000000000a4c       0x64 c:/dev/compilers/avr-gcc/bin/../lib/gcc/avr/10.1.0/avrxmega3\libgcc.a(_divmodhi4.o)
 .debug_str     0x0000000000000ab0       0x64 c:/dev/compilers/avr-gcc/bin/../lib/gcc/avr/10.1.0/avrxmega3\libgcc.a(_exit.o)
 .debug_str     0x0000000000000ab0       0x64 c:/dev/compilers/avr-gcc/bin/../lib/gcc/avr/10.1.0/avrxmega3\libgcc.a(_copy_data.o)
 .debug_str     0x0000000000000ab0       0x64 c:/dev/compilers/avr-gcc/bin/../lib/gcc/avr/10.1.0/avrxmega3\libgcc.a(_clear_bss.o)
 .debug_str     0x0000000000000ab0       0x64 c:/dev/compilers/avr-gcc/bin/../lib/gcc/avr/10.1.0/avrxmega3\libgcc.a(_udivmodhi4.o)
 .debug_str     0x0000000000000ab0       0x64 c:/dev/compilers/avr-gcc/bin/../lib/gcc/avr/10.1.0/avrxmega3\libgcc.a(_prologue.o)
 .debug_str     0x0000000000000ab0       0x64 c:/dev/compilers/avr-gcc/bin/../lib/gcc/avr/10.1.0/avrxmega3\libgcc.a(_epilogue.o)

.debug_loc
 *(.debug_loc)

.debug_macinfo
 *(.debug_macinfo)

.debug_weaknames
 *(.debug_weaknames)

.debug_funcnames
 *(.debug_funcnames)

.debug_typenames
 *(.debug_typenames)

.debug_varnames
 *(.debug_varnames)

.debug_pubtypes
 *(.debug_pubtypes)

.debug_ranges
 *(.debug_ranges)

.debug_macro
 *(.debug_macro)

.debug_addr
 *(.debug_addr)
OUTPUT(main.elf elf32-avr)
LOAD linker stubs
